{
  "schema_version": "trust-freeze/verdict/v1",
  "policy": {
    "id": "trust-freeze/policy/default-v1",
    "rules_digest": "sha256:a74f9eb62318cc8bee01ced0a0b829df720d49336cafae3a08447554084e4ddd"
  },
  "diff_digest": "sha256:4207be52ff26fb1b6f3da7a8a300612a15cd3e37740ac4e471b77c8da245ba5a",
  "highest_severity": "medium",
  "fail_on": "high",
  "threshold_exceeded": false,
  "counts": {
    "critical": 0,
    "high": 0,
    "info": 0,
    "low": 0,
    "medium": 1
  },
  "findings": [
    {
      "id": "changed:device/os",
      "kind": "changed",
      "severity": "medium",
      "artifact_id": "device/os",
      "rule_id": "TF-POL-DEVICE-IDENTITY",
      "message": "artifact device/os (os) changed: attributes os_version"
    }
  ]
}
