schema_version: trust-freeze/report/v1
input:
  kind: diff
  bundle_id: tf-diff-20260102T060405.000000000Z-device-eb9aa81eeaaf3ce7
  content_digest: sha256:a4948cc1353cc6a361e1604b7c1e1337aff2abcec8994b3c9e60cf3d7f282520
  created_at: "2026-01-02T06:04:05Z"
  subject:
    id: device/eb9aa81eeaaf3ce7
    os_family: linux
  diff_digest: sha256:4d70d0794e75f0a2921b810d6df171ea5971dca7031a98a9ce089e254c33e106
diff:
  schema_version: trust-freeze/diff/v1
  kind: diff
  normalization:
    id: trust-freeze/normalize/v2
    digest: sha256:48b02614a4e2139449d49603519d74d0d1c3d68b0677f70444eeb2a2dacfb4bb
  baseline:
    kind: baseline
    bundle_id: tf-baseline-20260102T030405.000000000Z-device-eb9aa81eeaaf3ce7
    content_digest: sha256:eff75bfbd982ed01db0e78c43f0ceeb945751f5687a2a6136137c155e1f39675
    subject:
      id: device/eb9aa81eeaaf3ce7
      os_family: linux
    profile:
      id: walking-skeleton
      version: "1"
      digest: sha256:1900eab6c028483d7126599ee6f50de0d27907b5c65fa90524580b4b0f9852b0
  current:
    kind: capture
    bundle_id: tf-capture-20260102T050405.000000000Z-device-eb9aa81eeaaf3ce7
    content_digest: sha256:b5a8ac475aabbddd613e32a6941d672efc7ab4e489fd9c0e12513a14d48b5f60
    subject:
      id: device/eb9aa81eeaaf3ce7
      os_family: linux
    profile:
      id: walking-skeleton
      version: "1"
      digest: sha256:1900eab6c028483d7126599ee6f50de0d27907b5c65fa90524580b4b0f9852b0
  allow_subject_mismatch: false
  counts:
    added: 0
    applicability_changed: 0
    became_effective: 0
    became_ineffective: 0
    capability_added: 0
    capability_changed: 0
    capability_not_observed: 0
    capability_removed: 0
    changed: 1
    collection_gap: 1
    confidence_changed: 0
    coverage_increased: 0
    not_observed: 0
    removed: 0
    subject_changed: 0
  changes:
    - kind: changed
      artifact_id: device/os
      artifact_type: os
      changed_attributes:
        - os_version
      before_digest: sha256:9367831ca427a3a726deacc9789673187d8c373086fc5ecd7a0b336044909539
      after_digest: sha256:80f9057da2ccfb8b55fb0095e2eb47db41d8efeaa794d64259d0939c5f288d17
    - kind: collection_gap
      probe_id: linux.packages
      gap:
        required: false
        status: unsupported
        cause: not_captured
        reason: not_implemented
verdict:
  schema_version: trust-freeze/verdict/v1
  policy:
    id: trust-freeze/policy/default-v1
    rules_digest: sha256:a74f9eb62318cc8bee01ced0a0b829df720d49336cafae3a08447554084e4ddd
  diff_digest: sha256:4d70d0794e75f0a2921b810d6df171ea5971dca7031a98a9ce089e254c33e106
  highest_severity: medium
  fail_on: high
  threshold_exceeded: false
  counts:
    critical: 0
    high: 0
    info: 0
    low: 0
    medium: 2
  findings:
    - id: changed:device/os
      kind: changed
      severity: medium
      artifact_id: device/os
      rule_id: TF-POL-DEVICE-IDENTITY
      message: 'artifact device/os (os) changed: attributes os_version'
    - id: collection_gap:linux.packages
      kind: collection_gap
      severity: medium
      probe_id: linux.packages
      rule_id: TF-POL-GAP-OPTIONAL
      message: optional probe linux.packages was not collected (not_captured, status unsupported, reason not_implemented)
